Traceback (most recent call last):
  File "/Users/muriel/luc/topiary-stream/src/eval_stream.py", line 349, in <module>
    main()
  File "/Users/muriel/luc/topiary-stream/src/eval_stream.py", line 336, in main
    model, tokenizer, rt = load_runtime(args.artifact, args.pool_c, args.pool_k,
                           ^^^^^^^^^^^^^^^^^^^^^^^^^^^^^^^^^^^^^^^^^^^^^^^^^^^^^
  File "/Users/muriel/luc/topiary-stream/src/eval_stream.py", line 61, in load_runtime
    model, tokenizer = load(artifact)
                       ^^^^^^^^^^^^^^
  File "/Users/muriel/luc/nanite-moe/.venv/lib/python3.12/site-packages/mlx_lm/utils.py", line 491, in load
    model, config = load_model(model_path, lazy, model_config=model_config)
                    ^^^^^^^^^^^^^^^^^^^^^^^^^^^^^^^^^^^^^^^^^^^^^^^^^^^^^^^
  File "/Users/muriel/luc/nanite-moe/.venv/lib/python3.12/site-packages/mlx_lm/utils.py", line 415, in load_model
    model.load_weights(list(weights.items()), strict=strict)
  File "/Users/muriel/luc/nanite-moe/.venv/lib/python3.12/site-packages/mlx/nn/layers/base.py", line 200, in load_weights
    raise ValueError(
ValueError: Expected shape (128, 704, 256) but received shape (128, 576, 256) for parameter model.layers.0.mlp.switch_mlp.gate_proj.weight
Traceback (most recent call last):
  File "/Users/muriel/luc/topiary-stream/src/eval_stream.py", line 349, in <module>
    main()
  File "/Users/muriel/luc/topiary-stream/src/eval_stream.py", line 336, in main
    model, tokenizer, rt = load_runtime(args.artifact, args.pool_c, args.pool_k,
                           ^^^^^^^^^^^^^^^^^^^^^^^^^^^^^^^^^^^^^^^^^^^^^^^^^^^^^
  File "/Users/muriel/luc/topiary-stream/src/eval_stream.py", line 61, in load_runtime
    model, tokenizer = load(artifact)
                       ^^^^^^^^^^^^^^
  File "/Users/muriel/luc/nanite-moe/.venv/lib/python3.12/site-packages/mlx_lm/utils.py", line 491, in load
    model, config = load_model(model_path, lazy, model_config=model_config)
                    ^^^^^^^^^^^^^^^^^^^^^^^^^^^^^^^^^^^^^^^^^^^^^^^^^^^^^^^
  File "/Users/muriel/luc/nanite-moe/.venv/lib/python3.12/site-packages/mlx_lm/utils.py", line 415, in load_model
    model.load_weights(list(weights.items()), strict=strict)
  File "/Users/muriel/luc/nanite-moe/.venv/lib/python3.12/site-packages/mlx/nn/layers/base.py", line 200, in load_weights
    raise ValueError(
ValueError: Expected shape (128, 704, 256) but received shape (128, 576, 256) for parameter model.layers.0.mlp.switch_mlp.gate_proj.weight
[per-layer] active: moe 576-704x48
[load] 14.46 GB
  math500 10/100: 10 ok
  math500 20/100: 18 ok
  math500 30/100: 27 ok
  math500 40/100: 36 ok
  math500 50/100: 43 ok
  math500 60/100: 51 ok
  math500 70/100: 58 ok
  math500 80/100: 61 ok
  math500 90/100: 64 ok
  math500 100/100: 72 ok
[math500] 72/100 = 72%
  mbpp 10/100: 4 ok
  mbpp 20/100: 12 ok
  mbpp 30/100: 22 ok
  mbpp 40/100: 31 ok
  mbpp 50/100: 39 ok
  mbpp 60/100: 47 ok
  mbpp 70/100: 56 ok
  mbpp 80/100: 64 ok
  mbpp 90/100: 72 ok
  mbpp 100/100: 81 ok
[mbpp] 81/100 = 81%
[mem] peak 15.22 GB
[per-layer] active: moe 576-704x48
[load] 14.46 GB
  mmlu 50/500: 35 ok
  mmlu 100/500: 68 ok
  mmlu 150/500: 99 ok
  mmlu 200/500: 138 ok
  mmlu 250/500: 169 ok
  mmlu 300/500: 201 ok
  mmlu 350/500: 243 ok
  mmlu 400/500: 271 ok
  mmlu 450/500: 305 ok
  mmlu 500/500: 341 ok
[mmlu] 341/500 = 68%
  lambada 100/500: 60 ok
  lambada 200/500: 116 ok
  lambada 300/500: 174 ok
  lambada 400/500: 237 ok
  lambada 500/500: 301 ok
[lambada] 301/500 = 60%
[mem] peak 15.09 GB
