[per-layer] active: moe 576-704x48
[load] 9.17 GB
  math500 10/100: 9 ok
  math500 20/100: 17 ok
  math500 30/100: 24 ok
  math500 40/100: 33 ok
  math500 50/100: 40 ok
  math500 60/100: 47 ok
  math500 70/100: 52 ok
  math500 80/100: 55 ok
  math500 90/100: 60 ok
  math500 100/100: 67 ok
[math500] 67/100 = 67%
  mbpp 10/100: 4 ok
  mbpp 20/100: 13 ok
  mbpp 30/100: 23 ok
  mbpp 40/100: 32 ok
  mbpp 50/100: 40 ok
  mbpp 60/100: 48 ok
  mbpp 70/100: 56 ok
  mbpp 80/100: 64 ok
  mbpp 90/100: 72 ok
  mbpp 100/100: 82 ok
[mbpp] 82/100 = 82%
[mem] peak 11.31 GB
[per-layer] active: moe 576-704x48
[load] 9.17 GB
  mmlu 50/500: 35 ok
  mmlu 100/500: 67 ok
  mmlu 150/500: 98 ok
  mmlu 200/500: 137 ok
  mmlu 250/500: 169 ok
  mmlu 300/500: 201 ok
  mmlu 350/500: 243 ok
  mmlu 400/500: 274 ok
  mmlu 450/500: 310 ok
  mmlu 500/500: 347 ok
[mmlu] 347/500 = 69%
  lambada 100/500: 60 ok
  lambada 200/500: 116 ok
  lambada 300/500: 174 ok
  lambada 400/500: 236 ok
  lambada 500/500: 299 ok
[lambada] 299/500 = 60%
[mem] peak 11.21 GB
