[speed r128] [serve] 255 tokens in 16.5s = 15.4 tok/s · peak 16.97 GB
[speed r64] [serve] 255 tokens in 20.7s = 12.3 tok/s · peak 17.01 GB
[speed r32] [serve] 255 tokens in 27.9s = 9.1 tok/s · peak 16.97 GB
KLD: {'r64': 0.41558191180229187, 'r128': 0.5656236410140991, 'r64abs': 4.198931694030762, 'r32': 0.3026832342147827} | tok/s: {'r128': 15.4, 'r64': 12.3, 'r32': 9.1} | ELEGIDO: r128
[load] 16.46 GB
  math500 10/100: 10 ok
  math500 20/100: 19 ok
  math500 30/100: 28 ok
  math500 40/100: 38 ok
  math500 50/100: 44 ok
  math500 60/100: 48 ok
  math500 70/100: 55 ok
  math500 80/100: 58 ok
  math500 90/100: 61 ok
  math500 100/100: 65 ok
[math500] 65/100 = 65%
  mbpp 10/100: 6 ok
  mbpp 20/100: 14 ok
  mbpp 30/100: 24 ok
  mbpp 40/100: 33 ok
  mbpp 50/100: 41 ok
  mbpp 60/100: 48 ok
  mbpp 70/100: 57 ok
  mbpp 80/100: 64 ok
  mbpp 90/100: 73 ok
  mbpp 100/100: 81 ok
[mbpp] 81/100 = 81%
[mem] peak 17.91 GB
[load] 17.97 GB
  mmlu 50/500: 43 ok
  mmlu 100/500: 88 ok
  mmlu 150/500: 129 ok
  mmlu 200/500: 170 ok
  mmlu 250/500: 212 ok
  mmlu 300/500: 254 ok
  mmlu 350/500: 300 ok
  mmlu 400/500: 342 ok
  mmlu 450/500: 382 ok
  mmlu 500/500: 425 ok
[mmlu] 425/500 = 85%
[mem] peak 19.01 GB
[speed ovf r32] [serve] 255 tokens in 45.0s = 5.7 tok/s · peak 18.49 GB
[speed2 ovf_r32] [serve] 255 tokens in 44.3s = 5.8 tok/s · peak 18.49 GB
[speed2 r32] [serve] 255 tokens in 30.2s = 8.5 tok/s · peak 18.49 GB
[speed2 r256] [serve] 255 tokens in 14.9s = 17.1 tok/s · peak 18.49 GB
[load] 19.34 GB
  math500 10/100: 7 ok
  math500 20/100: 16 ok
  math500 30/100: 23 ok
  math500 40/100: 31 ok
  math500 50/100: 35 ok
  math500 60/100: 38 ok
  math500 70/100: 43 ok
  math500 80/100: 45 ok
  math500 90/100: 48 ok
  math500 100/100: 52 ok
[math500] 52/100 = 52%
