vm.swapusage: total = 2048.00M  used = 886.19M  free = 1161.81M  (encrypted)
load_backend: loaded BLAS backend from /opt/homebrew/Cellar/ggml/0.20.2/libexec/libggml-blas.so
ggml_metal_device_init: testing tensor API for f16 support
ggml_metal_library_compile_pipeline: compiling pipeline: base = 'dummy_kernel', name = 'dummy_kernel'
ggml_metal_library_compile_pipeline: loaded dummy_kernel                                  0x104b0a6a0 | th_max = 1024 | th_width =   32
ggml_metal_device_init: testing tensor API for bfloat support
ggml_metal_library_compile_pipeline: compiling pipeline: base = 'dummy_kernel', name = 'dummy_kernel'
ggml_metal_library_compile_pipeline: loaded dummy_kernel                                  0x104b099a0 | th_max = 1024 | th_width =   32
ggml_metal_library_init: using embedded metal library
ggml_metal_library_init: loaded in 6.103 sec
ggml_metal_rsets_init: creating a residency set collection (keep_alive = 180 s)
ggml_metal_device_init: GPU name:   MTL0 (Apple M5 Pro)
ggml_metal_device_init: GPU family: MTLGPUFamilyApple10  (1010)
ggml_metal_device_init: GPU family: MTLGPUFamilyCommon3 (3003)
ggml_metal_device_init: GPU family: MTLGPUFamilyMetal4  (5002)
ggml_metal_device_init: simdgroup reduction   = true
ggml_metal_device_init: simdgroup matrix mul. = true
ggml_metal_device_init: has unified memory    = true
ggml_metal_device_init: has bfloat            = true
ggml_metal_device_init: has tensor            = true
ggml_metal_device_init: use residency sets    = true
ggml_metal_device_init: use shared buffers    = true
ggml_metal_device_init: recommendedMaxWorkingSetSize  = 19069.67 MB
load_backend: loaded MTL backend from /opt/homebrew/Cellar/ggml/0.20.2/libexec/libggml-metal.so
load_backend: loaded CPU backend from /opt/homebrew/Cellar/ggml/0.20.2/libexec/libggml-cpu-apple_m4.so
test_gen: failed to decode generation batch, res = -3
llama_bench: error: failed to run gen
| model                          |       size |     params | backend    | threads |            test |                  t/s |
| ------------------------------ | ---------: | ---------: | ---------- | ------: | --------------: | -------------------: |
vm.swapusage: total = 8192.00M  used = 6930.19M  free = 1261.81M  (encrypted)
vm.swapusage: total = 2048.00M  used = 655.44M  free = 1392.56M  (encrypted)
load_backend: loaded BLAS backend from /opt/homebrew/Cellar/ggml/0.20.2/libexec/libggml-blas.so
ggml_metal_device_init: testing tensor API for f16 support
ggml_metal_library_compile_pipeline: compiling pipeline: base = 'dummy_kernel', name = 'dummy_kernel'
ggml_metal_library_compile_pipeline: loaded dummy_kernel                                  0x102443ef0 | th_max = 1024 | th_width =   32
ggml_metal_device_init: testing tensor API for bfloat support
ggml_metal_library_compile_pipeline: compiling pipeline: base = 'dummy_kernel', name = 'dummy_kernel'
ggml_metal_library_compile_pipeline: loaded dummy_kernel                                  0x1024439f0 | th_max = 1024 | th_width =   32
ggml_metal_library_init: using embedded metal library
ggml_metal_library_init: loaded in 0.021 sec
ggml_metal_rsets_init: creating a residency set collection (keep_alive = 180 s)
ggml_metal_device_init: GPU name:   MTL0 (Apple M5 Pro)
ggml_metal_device_init: GPU family: MTLGPUFamilyApple10  (1010)
ggml_metal_device_init: GPU family: MTLGPUFamilyCommon3 (3003)
ggml_metal_device_init: GPU family: MTLGPUFamilyMetal4  (5002)
ggml_metal_device_init: simdgroup reduction   = true
ggml_metal_device_init: simdgroup matrix mul. = true
ggml_metal_device_init: has unified memory    = true
ggml_metal_device_init: has bfloat            = true
ggml_metal_device_init: has tensor            = true
ggml_metal_device_init: use residency sets    = true
ggml_metal_device_init: use shared buffers    = true
ggml_metal_device_init: recommendedMaxWorkingSetSize  = 19069.67 MB
load_backend: loaded MTL backend from /opt/homebrew/Cellar/ggml/0.20.2/libexec/libggml-metal.so
load_backend: loaded CPU backend from /opt/homebrew/Cellar/ggml/0.20.2/libexec/libggml-cpu-apple_m4.so
test_gen: failed to decode generation batch, res = -3
llama_bench: error: failed to run gen
| model                          |       size |     params | backend    | threads |            test |                  t/s |
| ------------------------------ | ---------: | ---------: | ---------- | ------: | --------------: | -------------------: |
vm.swapusage: total = 2048.00M  used = 655.44M  free = 1392.56M  (encrypted)
Traceback (most recent call last):
  File "~/luc/topiary-stream/src/eval_stream.py", line 534, in <module>
    main()
  File "~/luc/topiary-stream/src/eval_stream.py", line 511, in main
    stage_bench(None, None, _NoRT, args.bench.split(","), args.n, args.tag)
  File "~/luc/topiary-stream/src/eval_stream.py", line 238, in stage_bench
    out = _ask(model, tokenizer, rt,
          ^^^^^^^^^^^^^^^^^^^^^^^^^^
  File "~/luc/topiary-stream/src/eval_stream.py", line 136, in _ask
    with urllib.request.urlopen(req, timeout=600) as r:
         ^^^^^^^^^^^^^^^^^^^^^^^^^^^^^^^^^^^^^^^^
  File "~/.local/share/uv/python/cpython-3.12.13-macos-aarch64-none/lib/python3.12/urllib/request.py", line 215, in urlopen
    return opener.open(url, data, timeout)
           ^^^^^^^^^^^^^^^^^^^^^^^^^^^^^^^
  File "~/.local/share/uv/python/cpython-3.12.13-macos-aarch64-none/lib/python3.12/urllib/request.py", line 521, in open
    response = meth(req, response)
               ^^^^^^^^^^^^^^^^^^^
  File "~/.local/share/uv/python/cpython-3.12.13-macos-aarch64-none/lib/python3.12/urllib/request.py", line 630, in http_response
    response = self.parent.error(
               ^^^^^^^^^^^^^^^^^^
  File "~/.local/share/uv/python/cpython-3.12.13-macos-aarch64-none/lib/python3.12/urllib/request.py", line 559, in error
    return self._call_chain(*args)
           ^^^^^^^^^^^^^^^^^^^^^^^
  File "~/.local/share/uv/python/cpython-3.12.13-macos-aarch64-none/lib/python3.12/urllib/request.py", line 492, in _call_chain
    result = func(*args)
             ^^^^^^^^^^^
  File "~/.local/share/uv/python/cpython-3.12.13-macos-aarch64-none/lib/python3.12/urllib/request.py", line 639, in http_error_default
    raise HTTPError(req.full_url, code, msg, hdrs, fp)
urllib.error.HTTPError: HTTP Error 500: Internal Server Error
Traceback (most recent call last):
  File "~/luc/topiary-stream/src/eval_stream.py", line 534, in <module>
    main()
  File "~/luc/topiary-stream/src/eval_stream.py", line 511, in main
    stage_bench(None, None, _NoRT, args.bench.split(","), args.n, args.tag)
  File "~/luc/topiary-stream/src/eval_stream.py", line 272, in stage_bench
    out = _ask(model, tokenizer, rt,
          ^^^^^^^^^^^^^^^^^^^^^^^^^^
  File "~/luc/topiary-stream/src/eval_stream.py", line 136, in _ask
    with urllib.request.urlopen(req, timeout=600) as r:
         ^^^^^^^^^^^^^^^^^^^^^^^^^^^^^^^^^^^^^^^^
  File "~/.local/share/uv/python/cpython-3.12.13-macos-aarch64-none/lib/python3.12/urllib/request.py", line 215, in urlopen
    return opener.open(url, data, timeout)
           ^^^^^^^^^^^^^^^^^^^^^^^^^^^^^^^
  File "~/.local/share/uv/python/cpython-3.12.13-macos-aarch64-none/lib/python3.12/urllib/request.py", line 521, in open
    response = meth(req, response)
               ^^^^^^^^^^^^^^^^^^^
  File "~/.local/share/uv/python/cpython-3.12.13-macos-aarch64-none/lib/python3.12/urllib/request.py", line 630, in http_response
    response = self.parent.error(
               ^^^^^^^^^^^^^^^^^^
  File "~/.local/share/uv/python/cpython-3.12.13-macos-aarch64-none/lib/python3.12/urllib/request.py", line 559, in error
    return self._call_chain(*args)
           ^^^^^^^^^^^^^^^^^^^^^^^
  File "~/.local/share/uv/python/cpython-3.12.13-macos-aarch64-none/lib/python3.12/urllib/request.py", line 492, in _call_chain
    result = func(*args)
             ^^^^^^^^^^^
  File "~/.local/share/uv/python/cpython-3.12.13-macos-aarch64-none/lib/python3.12/urllib/request.py", line 639, in http_error_default
    raise HTTPError(req.full_url, code, msg, hdrs, fp)
urllib.error.HTTPError: HTTP Error 500: Internal Server Error
vm.swapusage: total = 2048.00M  used = 655.44M  free = 1392.56M  (encrypted)
