vm.swapusage: total = 2048.00M  used = 1084.44M  free = 963.56M  (encrypted)
load_backend: loaded BLAS backend from /opt/homebrew/Cellar/ggml/0.20.2/libexec/libggml-blas.so
ggml_metal_device_init: testing tensor API for f16 support
ggml_metal_library_compile_pipeline: compiling pipeline: base = 'dummy_kernel', name = 'dummy_kernel'
ggml_metal_library_compile_pipeline: loaded dummy_kernel                                  0x1037382e0 | th_max = 1024 | th_width =   32
ggml_metal_device_init: testing tensor API for bfloat support
ggml_metal_library_compile_pipeline: compiling pipeline: base = 'dummy_kernel', name = 'dummy_kernel'
ggml_metal_library_compile_pipeline: loaded dummy_kernel                                  0x103737fe0 | th_max = 1024 | th_width =   32
ggml_metal_library_init: using embedded metal library
ggml_metal_library_init: loaded in 0.021 sec
ggml_metal_rsets_init: creating a residency set collection (keep_alive = 180 s)
ggml_metal_device_init: GPU name:   MTL0 (Apple M5 Pro)
ggml_metal_device_init: GPU family: MTLGPUFamilyApple10  (1010)
ggml_metal_device_init: GPU family: MTLGPUFamilyCommon3 (3003)
ggml_metal_device_init: GPU family: MTLGPUFamilyMetal4  (5002)
ggml_metal_device_init: simdgroup reduction   = true
ggml_metal_device_init: simdgroup matrix mul. = true
ggml_metal_device_init: has unified memory    = true
ggml_metal_device_init: has bfloat            = true
ggml_metal_device_init: has tensor            = true
ggml_metal_device_init: use residency sets    = true
ggml_metal_device_init: use shared buffers    = true
ggml_metal_device_init: recommendedMaxWorkingSetSize  = 19069.67 MB
load_backend: loaded MTL backend from /opt/homebrew/Cellar/ggml/0.20.2/libexec/libggml-metal.so
load_backend: loaded CPU backend from /opt/homebrew/Cellar/ggml/0.20.2/libexec/libggml-cpu-apple_m4.so
| model                          |       size |     params | backend    | threads |            test |                  t/s |
| ------------------------------ | ---------: | ---------: | ---------- | ------: | --------------: | -------------------: |
| qwen3next 80B.A3B Q2_K - Medium |  28.05 GiB |    79.67 B | BLAS,MTL   |       5 |           tg128 |         12.61 ± 3.65 |

build: cd644c395 (10520)
vm.swapusage: total = 2048.00M  used = 988.44M  free = 1059.56M  (encrypted)
  math500 10/100: 10 ok
  math500 20/100: 19 ok
  math500 30/100: 28 ok
  math500 40/100: 37 ok
  math500 50/100: 44 ok
  math500 60/100: 50 ok
  math500 70/100: 56 ok
  math500 80/100: 59 ok
  math500 90/100: 63 ok
  math500 100/100: 69 ok
[math500] 69/100 = 69%
  mbpp 10/100: 6 ok
  mbpp 20/100: 13 ok
  mbpp 30/100: 23 ok
  mbpp 40/100: 33 ok
  mbpp 50/100: 41 ok
  mbpp 60/100: 50 ok
  mbpp 70/100: 59 ok
  mbpp 80/100: 67 ok
  mbpp 90/100: 77 ok
  mbpp 100/100: 86 ok
[mbpp] 86/100 = 86%
[mem] peak 0.00 GB
  mmlu 50/500: 45 ok
  mmlu 100/500: 90 ok
  mmlu 150/500: 130 ok
  mmlu 200/500: 174 ok
  mmlu 250/500: 218 ok
  mmlu 300/500: 261 ok
  mmlu 350/500: 307 ok
  mmlu 400/500: 348 ok
  mmlu 450/500: 386 ok
  mmlu 500/500: 431 ok
[mmlu] 431/500 = 86%
[mem] peak 0.00 GB
vm.swapusage: total = 3072.00M  used = 1851.06M  free = 1220.94M  (encrypted)
