  model-00001-of-00002.safetensors: 47 expert tensors
  model-00002-of-00002.safetensors: 31 expert tensors
[out] /Volumes/Untitled/dsv2lite-stream: skeleton 0.75 GB · memmaps 8.10 GB · 26 MoE layers
[salience] 26 layers · 64 experts · width 1408
  1536 tokens (25s)
  layer 10 done
  layer 20 done
[out] /Volumes/Untitled/dsv2lite-stream/orders_routed.npz  (2560 tokens)
[load] 10.63 GB
[kld] referencia guardada: runs/kldds_base_long.npz (4 chunks)
[load] 10.63 GB
[dsbase] PPL general: 12.0232 (24s)
[mem] peak 11.56 GB
[load] 9.51 GB
[kld] por tramo de posición: {'pos_0-64': 1.9781, 'pos_64-128': 2.0793, 'pos_128-256': 1.777, 'pos_256-448': 1.7412}
[kld] media 1.81821 · p95 6.24942 · p99 9.73709 · max 18.686 (1980 tokens)
[load] 9.51 GB
  math500 10/100: 0 ok
  math500 20/100: 0 ok
  math500 30/100: 0 ok
  math500 40/100: 0 ok
[load] 10.63 GB
