[load] 11.46 GB resident
[pool] K=8/layer (12.46 GB with pools)
[warmup] pool adapted to the prompt

[gov] avail 4.3 GB · K=8 (hold)

[gov] avail 4.2 GB · K=8 (hold)

[gov] avail 4.2 GB · K=8 (hold)

[gov] avail 4.2 GB · K=8 (hold)

[gov] avail 4.2 GB · K=8 (hold)

[gov] avail 4.3 GB · K=8 (hold)

[gov] avail 4.2 GB · K=8 (hold)

[gov] avail 4.2 GB · K=8 (hold)

[gov] avail 4.2 GB · K=8 (hold)

[gov] avail 4.2 GB · K=8 (hold)

[gov] avail 4.2 GB · K=8 (hold)

[gov] avail 4.2 GB · K=8 (hold)

[gov] avail 4.2 GB · K=8 (hold)
This is a classic problem - merging two sorted lists. I'll create a function that efficiently merges them, explain the time and space complexity, and discuss edge cases.

Let me think about the approach:
1. Use two pointers to iterate through both lists
2. Compare elements and add the smaller one to result
3. Handle remaining elements in either list
4. This is the standard merge step from merge sort

Let me write a comprehensive solution with:
- The function implementation
- Time and space complexity analysis
- Edge cases discussion
- Examples
</think>

Here's a Python function that merges two sorted lists into one sorted list, along with an explanation of its complexity and edge cases:

```python
def merge_sorted_lists(list1, list2):
    """
    Merges two sorted lists into one sorted list.

    Args:
        list1 (list): First sorted list
        list2 (list): Second sorted list

    Returns:
        list: Merged sorted list
    """
    result = []
    i, j = 0, 0

    # Iterate through both lists and add smaller elements to result
    while i < len(list1) and j < len(list2):
        if list1[i] <= list2[j]:
            result.append(list1[i])
            i += 1
        else:
            result.append(list2[j])
            j += 1

    # Append remaining elements from list1
    while i < len(list1):
        result.append(list1[i])
        i += 1

    # Append remaining elements from list2
    while j < len(list2):
        result.append(list2[j])
        j += 1

    return result
```

### Time and Space Complexity

- **Time Complexity:** O(n + m), where n and m are the lengths of the two input lists. Each element is visited exactly once.
- **Space Complexity:** O(n + m), as we create a new list to store the merged result.

### Edge Cases

1. **Empty Lists:**
   - If one or both lists are empty, the function correctly returns the non-empty list or an empty list.
   - Example: `merge_sorted_lists([], [1, 2])` → `[1, 2]`

2. **Single Element Lists:**
   - Works correctly when one or both lists contain a single element.
   - Example: `merge_sorted_lists([1], [2])` → `[1, 2]`

3. **Lists with Duplicate Values:**
   - The function preserves duplicates and maintains sorted order.
   - Example: `merge_sorted_lists([1, 1, 3], [1, 2, 3])` → `[1, 1, 1, 2, 3, 3]`

4. **Negative Numbers:**
   - Correctly handles negative values and maintains order.
   - Example: `merge_sorted_lists([-5, 0], [-3, 2])` → `[-5, -3, 0, 2]`

5. **Large Lists:**
   - Efficiently handles large lists due to linear time complexity.

### Example Usage

```python
print(merge_sorted_lists([1, 3, 5], [2, 4, 6]))  # [1, 2, 3, 4, 5, 6]
print(merge_sorted_lists([], [1, 2, 3]))         # [1, 2, 3]
print(merge_sorted_lists([1, 2, 3], []))         # [1, 2, 3]
print(merge_sorted_lists([1, 1, 3], [1, 2, 3]))  # [1, 1, 1, 2, 3, 3]
```

This function is efficient, robust, and handles all typical and edge-case scenarios for merging sorted lists.

[serve] 857 tokens in 18.6s = 46.0 tok/s · peak 12.99 GB
