[per-layer] active: moe 576-704x48
[load] 9.17 GB
  math500 10/100: 10 ok
  math500 20/100: 18 ok
  math500 30/100: 25 ok
  math500 40/100: 34 ok
  math500 50/100: 39 ok
  math500 60/100: 46 ok
  math500 70/100: 52 ok
  math500 80/100: 55 ok
  math500 90/100: 59 ok
  math500 100/100: 65 ok
[math500] 65/100 = 65%
  mbpp 10/100: 4 ok
  mbpp 20/100: 11 ok
  mbpp 30/100: 21 ok
  mbpp 40/100: 29 ok
  mbpp 50/100: 37 ok
  mbpp 60/100: 45 ok
  mbpp 70/100: 53 ok
  mbpp 80/100: 61 ok
  mbpp 90/100: 67 ok
  mbpp 100/100: 75 ok
[mbpp] 75/100 = 75%
[mem] peak 10.58 GB
[per-layer] active: moe 576-704x48
[load] 9.17 GB
  mmlu 50/500: 32 ok
  mmlu 100/500: 64 ok
  mmlu 150/500: 96 ok
  mmlu 200/500: 136 ok
  mmlu 250/500: 166 ok
  mmlu 300/500: 198 ok
  mmlu 350/500: 236 ok
  mmlu 400/500: 262 ok
  mmlu 450/500: 300 ok
  mmlu 500/500: 332 ok
[mmlu] 332/500 = 66%
  lambada 100/500: 60 ok
  lambada 200/500: 116 ok
  lambada 300/500: 174 ok
  lambada 400/500: 236 ok
  lambada 500/500: 299 ok
[lambada] 299/500 = 60%
[mem] peak 10.48 GB
[per-layer] active: moe 576-704x48
[load] 9.17 GB
  math500 10/100: 9 ok
  math500 20/100: 16 ok
  math500 30/100: 25 ok
  math500 40/100: 34 ok
  math500 50/100: 41 ok
  math500 60/100: 48 ok
  math500 70/100: 54 ok
  math500 80/100: 57 ok
  math500 90/100: 62 ok
  math500 100/100: 69 ok
[math500] 69/100 = 69%
  mbpp 10/100: 4 ok
  mbpp 20/100: 13 ok
  mbpp 30/100: 23 ok
  mbpp 40/100: 32 ok
  mbpp 50/100: 41 ok
  mbpp 60/100: 49 ok
  mbpp 70/100: 58 ok
  mbpp 80/100: 66 ok
  mbpp 90/100: 74 ok
  mbpp 100/100: 84 ok
[mbpp] 84/100 = 84%
[mem] peak 13.76 GB
[per-layer] active: moe 576-704x48
[load] 9.17 GB
  mmlu 50/500: 35 ok
  mmlu 100/500: 69 ok
  mmlu 150/500: 100 ok
  mmlu 200/500: 140 ok
  mmlu 250/500: 171 ok
  mmlu 300/500: 203 ok
  mmlu 350/500: 245 ok
  mmlu 400/500: 274 ok
  mmlu 450/500: 310 ok
  mmlu 500/500: 346 ok
[mmlu] 346/500 = 69%
  lambada 100/500: 60 ok
  lambada 200/500: 116 ok
  lambada 300/500: 174 ok
  lambada 400/500: 236 ok
  lambada 500/500: 299 ok
[lambada] 299/500 = 60%
[mem] peak 13.66 GB
