[per-layer] active: moe 576-704x48
[load] 9.17 GB
  math500 10/100: 10 ok
  math500 20/100: 18 ok
  math500 30/100: 26 ok
  math500 40/100: 33 ok
  math500 50/100: 40 ok
  math500 60/100: 47 ok
  math500 70/100: 52 ok
  math500 80/100: 55 ok
  math500 90/100: 58 ok
  math500 100/100: 66 ok
[math500] 66/100 = 66%
[mem] peak 13.75 GB
[per-layer] active: moe 576-704x48
[load] 9.17 GB
  math500 10/100: 9 ok
  math500 20/100: 17 ok
  math500 30/100: 25 ok
  math500 40/100: 34 ok
  math500 50/100: 41 ok
  math500 60/100: 48 ok
  math500 70/100: 54 ok
  math500 80/100: 57 ok
  math500 90/100: 60 ok
  math500 100/100: 65 ok
[math500] 65/100 = 65%
[mem] peak 12.05 GB
[per-layer] active: moe 576-704x48
[load] 9.17 GB
  math500 10/100: 9 ok
  math500 20/100: 16 ok
  math500 30/100: 25 ok
  math500 40/100: 35 ok
  math500 50/100: 41 ok
  math500 60/100: 48 ok
  math500 70/100: 55 ok
  math500 80/100: 58 ok
  math500 90/100: 63 ok
  math500 100/100: 69 ok
[math500] 69/100 = 69%
[mem] peak 12.05 GB
[per-layer] active: moe 576-704x48
[load] 9.17 GB
  math500 10/100: 10 ok
  math500 20/100: 19 ok
  math500 30/100: 28 ok
  math500 40/100: 38 ok
  math500 50/100: 45 ok
  math500 60/100: 51 ok
  math500 70/100: 58 ok
  math500 80/100: 61 ok
  math500 90/100: 65 ok
  math500 100/100: 72 ok
[math500] 72/100 = 72%
[mem] peak 12.06 GB
[per-layer] active: moe 576-704x48
[load] 9.17 GB
  math500 10/100: 10 ok
  math500 20/100: 19 ok
  math500 30/100: 27 ok
  math500 40/100: 36 ok
  math500 50/100: 42 ok
  math500 60/100: 47 ok
  math500 70/100: 52 ok
  math500 80/100: 54 ok
  math500 90/100: 58 ok
  math500 100/100: 65 ok
[math500] 65/100 = 65%
[mem] peak 12.06 GB
[per-layer] active: moe 576-704x48
[load] 9.17 GB
  mbpp 10/100: 9 ok
  mbpp 20/100: 17 ok
  mbpp 30/100: 23 ok
  mbpp 40/100: 30 ok
  mbpp 50/100: 37 ok
  mbpp 60/100: 46 ok
  mbpp 70/100: 51 ok
  mbpp 80/100: 60 ok
  mbpp 90/100: 68 ok
  mbpp 100/100: 74 ok
[mbpp] 74/100 = 74%
[mem] peak 11.85 GB
[per-layer] active: moe 576-704x48
[load] 9.17 GB
  mmlu 50/500: 30 ok
  mmlu 100/500: 60 ok
  mmlu 150/500: 92 ok
  mmlu 200/500: 129 ok
  mmlu 250/500: 160 ok
  mmlu 300/500: 191 ok
  mmlu 350/500: 228 ok
  mmlu 400/500: 258 ok
  mmlu 450/500: 295 ok
  mmlu 500/500: 329 ok
[mmlu] 329/500 = 66%
  lambada 100/500: 60 ok
  lambada 200/500: 116 ok
  lambada 300/500: 174 ok
  lambada 400/500: 236 ok
  lambada 500/500: 299 ok
[lambada] 299/500 = 60%
[mem] peak 11.95 GB
[per-layer] active: moe 576-704x48
[load] 9.17 GB
  math500 10/100: 9 ok
  math500 20/100: 18 ok
  math500 30/100: 26 ok
  math500 40/100: 35 ok
  math500 50/100: 42 ok
  math500 60/100: 48 ok
  math500 70/100: 53 ok
  math500 80/100: 55 ok
  math500 90/100: 58 ok
  math500 100/100: 64 ok
[math500] 64/100 = 64%
[mem] peak 12.04 GB
[per-layer] active: moe 576-704x48
[load] 9.17 GB
  math500 10/100: 10 ok
  math500 20/100: 18 ok
  math500 30/100: 26 ok
  math500 40/100: 35 ok
  math500 50/100: 41 ok
  math500 60/100: 45 ok
  math500 70/100: 51 ok
  math500 80/100: 54 ok
  math500 90/100: 57 ok
  math500 100/100: 64 ok
[math500] 64/100 = 64%
[mem] peak 10.43 GB
